// Jest Snapshot v1, https://goo.gl/fbAQLP

exports[`Profile Profile Molecules should render Profile 1`] = `
<StyledSection
  id="profile"
>
  <Headline>
    | PROFILE
  </Headline>
  <div
    className="columns"
  >
    <Profile__StyledDiv
      className="column"
    >
      <InviewMonitor
        childPropsNotInView={Object {}}
        classNameInView="animated slideInUp"
        classNameNotInView="vis-hidden"
        intoViewMargin="-20%"
        useInviewMonitor={[Function]}
      >
        <Profile__StyledParagraph>
          <p>
            1993年2月20日生まれ。広島出身。
          </p>
          <p>
            バンド活動を通じてクリエイターに興味を持つ。音楽以外でも自分で構造やスキームを設計し作ることに喜びを見出し、社会人へ。
          </p>
          <p>
            新卒1年目でアイデアソンからの事業化で挫折し、ECサイト運営を担当。事業化挫折を発端に2年目からプログラマーへ転向。
          </p>
          <p>
            年間3,500億円以上の受注・在庫連携を扱うECプラットフォーム上で、ラッキーなことにシステム設計の上流から実装・運用の下流まで幅広く実践と経験を積む。
          </p>
          <p>
            2018年から社長直下の新規事業開発に参画し、IoT製品を開発しリリース。反省点が多かったPJ体制をきっかけにIssue駆動や仮説・検証の大事さを説く。開発体制を変えるべく、サーバTのリーダーとして新規開発中。
          </p>
          <p>
            プログラムでもビジネススキームでも美しい構造にフェチる。自分で創れるようになるべくして行動中。何かと夢中になる事が多く、マイペースとよく言われる。
          </p>
          <Profile__StyledHistoryDiv>
            <p>
              <b>
                2011~2015: add (Ba.)
              </b>
            </p>
            <p>
              <b>
                2013~2015
                <Profile__StyledAnker
                  href="http://usagibunnyboy.com/"
                  target="_blank"
                >
                  : usagibunnyboy(ウサギバニーボーイ)
                </Profile__StyledAnker>
                (Ba.)
              </b>
            </p>
            <p>
              <b>
                2015~
                <Profile__StyledAnker
                  href="http://hamee.co.jp/"
                  target="_blank"
                >
                  : Hamee inc
                </Profile__StyledAnker>
                , EC marketing → ECプラットフォーム Programer
              </b>
            </p>
            <p>
              <b>
                2018~
                <Profile__StyledAnker
                  href="http://hamee.co.jp/"
                  target="_blank"
                >
                  : Hamee inc
                </Profile__StyledAnker>
                , IoT部 Programer
              </b>
            </p>
          </Profile__StyledHistoryDiv>
        </Profile__StyledParagraph>
      </InviewMonitor>
    </Profile__StyledDiv>
    <div
      className="column"
    >
      <InviewMonitor
        childPropsNotInView={Object {}}
        classNameInView="animated slideInRight"
        classNameNotInView="vis-hidden"
        intoViewMargin="-20%"
        useInviewMonitor={[Function]}
      >
        <Profile__StyledImage
          src={
            Object {
              "process": [Function],
            }
          }
        />
      </InviewMonitor>
    </div>
  </div>
</StyledSection>
`;
